[ERROR]2021/04/11 21:25:46 readconfig.go:37: open ./config/config.yaml: no such file or directory
[INFO]2021/04/11 21:25:46 network.go:23: setting.NetworkAddress 
[ERROR]2021/04/11 21:25:46 log.go:148: Fatal error: dial tcp :0: connect: connection refused
[DEBUG]2021/04/11 21:25:46 client.go:66:  connect failed
[ERROR]2021/04/11 21:25:46 log.go:148: Fatal error: open : no such file or directory
[INFO]2021/04/11 21:25:46 bpinfo.go:20: InitBPList err open : no such file or directory
[DEBUG]2021/04/11 21:25:46 get_pplist.go:70: GetBPList
[DEBUG]2021/04/11 21:25:46 event_handle.go:144: client.SPConn = client.NewClient(setting.Config.SPNetAddress, setting.IsPP)
[ERROR]2021/04/11 21:25:46 log.go:148: Fatal error: dial tcp :0: connect: connection refused
[DEBUG]2021/04/11 21:25:46 client.go:66:  connect failed
